fail: Microsoft.AspNetCore.Diagnostics.DeveloperExceptionPageMiddleware[1]
      An unhandled exception has occurred while executing the request.
      System.InvalidOperationException: A callback is already registered for the TempData key 'validation-temp-duplicate'. Multiple components cannot use the same TempData key for multiple [SupplyParameterFromTempData] attributes.
         at Microsoft.AspNetCore.Components.Endpoints.TempDataCascadingValueSupplier.RegisterValueCallback(String tempDataKey, Func`1 valueGetter)
         at Microsoft.AspNetCore.Components.Endpoints.TempDataCascadingValueSupplier.CreateSubscription(ComponentState componentState, SupplyParameterFromTempDataAttribute attribute, CascadingParameterInfo parameterInfo)
         at Microsoft.AspNetCore.Components.CascadingParameterValueProvider`1.Subscribe(ComponentState subscriber, CascadingParameterInfo& parameterInfo)
         at Microsoft.AspNetCore.Components.Rendering.ComponentState.AddCascadingParameterSubscriptions()
         at Microsoft.AspNetCore.Components.Rendering.ComponentState..ctor(Renderer renderer, Int32 componentId, IComponent component, ComponentState parentComponentState)
         at Microsoft.AspNetCore.Components.Endpoints.EndpointComponentState..ctor(Renderer renderer, Int32 componentId, IComponent component, ComponentState parentComponentState)
         at Microsoft.AspNetCore.Components.Endpoints.EndpointHtmlRenderer.CreateComponentState(Int32 componentId, IComponent component, ComponentState parentComponentState)
         at Microsoft.AspNetCore.Components.RenderTree.Renderer.AttachAndInitComponent(IComponent component, Int32 parentComponentId)
         at Microsoft.AspNetCore.Components.RenderTree.Renderer.InstantiateChildComponentOnFrame(RenderTreeFrame[] frames, Int32 frameIndex, Int32 parentComponentId)
         at Microsoft.AspNetCore.Components.RenderTree.RenderTreeDiffBuilder.InitializeNewComponentFrame(DiffContext& diffContext, Int32 frameIndex)
         at Microsoft.AspNetCore.Components.RenderTree.RenderTreeDiffBuilder.InitializeNewSubtree(DiffContext& diffContext, Int32 frameIndex)
         at Microsoft.AspNetCore.Components.RenderTree.RenderTreeDiffBuilder.InsertNewFrame(DiffContext& diffContext, Int32 newFrameIndex)
         at Microsoft.AspNetCore.Components.RenderTree.RenderTreeDiffBuilder.AppendDiffEntriesForRange(DiffContext& diffContext, Int32 oldStartIndex, Int32 oldEndIndexExcl, Int32 newStartIndex, Int32 newEndIndexExcl)
         at Microsoft.AspNetCore.Components.RenderTree.RenderTreeDiffBuilder.ComputeDiff(Renderer renderer, RenderBatchBuilder batchBuilder, Int32 componentId, ArrayRange`1 oldTree, ArrayRange`1 newTree)
         at Microsoft.AspNetCore.Components.Rendering.ComponentState.RenderIntoBatch(RenderBatchBuilder batchBuilder, RenderFragment renderFragment, Exception& renderFragmentException)
         at Microsoft.AspNetCore.Components.RenderTree.Renderer.ProcessRenderQueue()
      --- End of stack trace from previous location ---
         at Microsoft.AspNetCore.Components.RenderTree.Renderer.ProcessRenderQueue()
         at Microsoft.AspNetCore.Components.RenderTree.Renderer.AddToRenderQueue(Int32 componentId, RenderFragment renderFragment)
         at Microsoft.AspNetCore.Components.ComponentBase.StateHasChanged()
         at Microsoft.AspNetCore.Components.ComponentBase.CallOnParametersSetAsync()
         at Microsoft.AspNetCore.Components.ComponentBase.RunInitAndSetParametersAsync()
         at Microsoft.AspNetCore.Components.Rendering.ComponentState.SetDirectParameters(ParameterView parameters)
         at Microsoft.AspNetCore.Components.RenderTree.Renderer.RenderRootComponentAsync(Int32 componentId, ParameterView initialParameters)
         at Microsoft.AspNetCore.Components.HtmlRendering.Infrastructure.StaticHtmlRenderer.BeginRenderingComponent(IComponent component, ParameterView initialParameters)
         at Microsoft.AspNetCore.Components.Endpoints.EndpointHtmlRenderer.RenderEndpointComponent(HttpContext httpContext, Type rootComponentType, ParameterView parameters, Boolean waitForQuiescence)
         at Microsoft.AspNetCore.Components.Endpoints.RazorComponentEndpointInvoker.RenderComponentCore(HttpContext context)
         at Microsoft.AspNetCore.Components.Endpoints.RazorComponentEndpointInvoker.RenderComponentCore(HttpContext context)
         at Microsoft.AspNetCore.Components.Rendering.RendererSynchronizationContext.<>c.<<InvokeAsync>b__10_0>d.MoveNext()
      --- End of stack trace from previous location ---
         at Microsoft.AspNetCore.Session.SessionMiddleware.Invoke(HttpContext context)
         at Microsoft.AspNetCore.Session.SessionMiddleware.Invoke(HttpContext context)
         at Microsoft.AspNetCore.Diagnostics.StatusCodePagesMiddleware.Invoke(HttpContext context)
         at Microsoft.AspNetCore.Antiforgery.CsrfProtectionMiddleware.InvokeCoreAsync(HttpContext context)
         at Microsoft.AspNetCore.Diagnostics.DeveloperExceptionPageMiddlewareImpl.Invoke(HttpContext context)
fail: Microsoft.AspNetCore.Diagnostics.DeveloperExceptionPageMiddleware[1]
      An unhandled exception has occurred while executing the request.
      System.InvalidOperationException: A callback is already registered for the session key 'validation-session-duplicate'. Multiple components cannot use the same session key for multiple [SupplyParameterFromSession] attributes.
         at Microsoft.AspNetCore.Components.Endpoints.SessionCascadingValueSupplier.RegisterValueCallback(String sessionKey, Func`1 valueGetter)
         at Microsoft.AspNetCore.Components.Endpoints.SessionCascadingValueSupplier.CreateSubscription(ComponentState componentState, SupplyParameterFromSessionAttribute attribute, CascadingParameterInfo parameterInfo)
         at Microsoft.AspNetCore.Components.CascadingParameterValueProvider`1.Subscribe(ComponentState subscriber, CascadingParameterInfo& parameterInfo)
         at Microsoft.AspNetCore.Components.Rendering.ComponentState.AddCascadingParameterSubscriptions()
         at Microsoft.AspNetCore.Components.Rendering.ComponentState..ctor(Renderer renderer, Int32 componentId, IComponent component, ComponentState parentComponentState)
         at Microsoft.AspNetCore.Components.Endpoints.EndpointHtmlRenderer.CreateComponentState(Int32 componentId, IComponent component, ComponentState parentComponentState)
         at Microsoft.AspNetCore.Components.RenderTree.Renderer.AttachAndInitComponent(IComponent component, Int32 parentComponentId)
         at Microsoft.AspNetCore.Components.RenderTree.Renderer.InstantiateChildComponentOnFrame(RenderTreeFrame[] frames, Int32 frameIndex, Int32 parentComponentId)
         at Microsoft.AspNetCore.Components.RenderTree.RenderTreeDiffBuilder.InitializeNewComponentFrame(DiffContext& diffContext, Int32 frameIndex)
         at Microsoft.AspNetCore.Components.RenderTree.RenderTreeDiffBuilder.InitializeNewSubtree(DiffContext& diffContext, Int32 frameIndex)
         at Microsoft.AspNetCore.Components.RenderTree.RenderTreeDiffBuilder.InsertNewFrame(DiffContext& diffContext, Int32 newFrameIndex)
         at Microsoft.AspNetCore.Components.RenderTree.RenderTreeDiffBuilder.AppendDiffEntriesForRange(DiffContext& diffContext, Int32 oldStartIndex, Int32 oldEndIndexExcl, Int32 newStartIndex, Int32 newEndIndexExcl)
         at Microsoft.AspNetCore.Components.RenderTree.RenderTreeDiffBuilder.ComputeDiff(Renderer renderer, RenderBatchBuilder batchBuilder, Int32 componentId, ArrayRange`1 oldTree, ArrayRange`1 newTree)
         at Microsoft.AspNetCore.Components.Rendering.ComponentState.RenderIntoBatch(RenderBatchBuilder batchBuilder, RenderFragment renderFragment, Exception& renderFragmentException)
         at Microsoft.AspNetCore.Components.RenderTree.Renderer.ProcessRenderQueue()
      --- End of stack trace from previous location ---
         at Microsoft.AspNetCore.Components.RenderTree.Renderer.ProcessRenderQueue()
         at Microsoft.AspNetCore.Components.ComponentBase.StateHasChanged()
         at Microsoft.AspNetCore.Components.ComponentBase.CallOnParametersSetAsync()
         at Microsoft.AspNetCore.Components.ComponentBase.RunInitAndSetParametersAsync()
         at Microsoft.AspNetCore.Components.Rendering.ComponentState.SupplyCombinedParameters(ParameterView directAndCascadingParameters)
         at Microsoft.AspNetCore.Components.Rendering.ComponentState.SetDirectParameters(ParameterView parameters)
         at Microsoft.AspNetCore.Components.RenderTree.Renderer.RenderRootComponentAsync(Int32 componentId, ParameterView initialParameters)
         at Microsoft.AspNetCore.Components.HtmlRendering.Infrastructure.StaticHtmlRenderer.BeginRenderingComponent(IComponent component, ParameterView initialParameters)
         at Microsoft.AspNetCore.Components.Endpoints.EndpointHtmlRenderer.RenderEndpointComponent(HttpContext httpContext, Type rootComponentType, ParameterView parameters, Boolean waitForQuiescence)
         at Microsoft.AspNetCore.Components.Endpoints.RazorComponentEndpointInvoker.RenderComponentCore(HttpContext context)
         at Microsoft.AspNetCore.Components.Endpoints.RazorComponentEndpointInvoker.RenderComponentCore(HttpContext context)
         at Microsoft.AspNetCore.Components.Rendering.RendererSynchronizationContext.<>c.<<InvokeAsync>b__10_0>d.MoveNext()
      --- End of stack trace from previous location ---
         at Microsoft.AspNetCore.Session.SessionMiddleware.Invoke(HttpContext context)
         at Microsoft.AspNetCore.Session.SessionMiddleware.Invoke(HttpContext context)
         at Microsoft.AspNetCore.Diagnostics.StatusCodePagesMiddleware.Invoke(HttpContext context)
         at Microsoft.AspNetCore.Antiforgery.CsrfProtectionMiddleware.InvokeCoreAsync(HttpContext context)
         at Microsoft.AspNetCore.Diagnostics.DeveloperExceptionPageMiddlewareImpl.Invoke(HttpContext context)
